[   1.8s] FILL +903 -> position +903
[   2.3s] FILL -2500 -> position -1597
[   7.4s] FILL +2500 -> position +903
[   7.9s] FILL +2500 -> position +3403
[   8.7s] FILL -2500 -> position +903
[   9.5s] FILL -2500 -> position -1597
[  12.0s] FILL +2500 -> position +903
[  13.7s] FILL +2500 -> position +3403
[  15.0s] FILL -2500 -> position +903
[  15.7s] FILL +2500 -> position +3403
[  18.7s] FILL -2500 -> position +903
[  19.6s] FILL -2500 -> position -1597
[  25.5s] FILL -2500 -> position -4097
[  26.5s] FILL +2500 -> position -1597
[  28.1s] FILL -2500 -> position -4097
[  29.6s] FILL +2500 -> position -1597
[  30.6s] FILL +2500 -> position +903
[  31.1s] FILL +2500 -> position +3403
[  31.9s] FILL -2500 -> position +903
[  32.6s] FILL +2500 -> position +3403
[  34.2s] FILL -2500 -> position +903
[  35.5s] FILL -2500 -> position -1597
[  47.7s] FILL -2500 -> position -4097
[  49.5s] FILL +2500 -> position -1597
[  52.0s] FILL +1614 -> position +17
[  53.0s] FILL +886 -> position +903
[  53.5s] FILL +2500 -> position +3403
[  56.8s] FILL -2500 -> position +903
[  58.1s] FILL -2500 -> position -1597
[  59.2s] FILL +2500 -> position +903
[  60.7s] FILL -2500 -> position -1597
[  63.0s] FILL +2500 -> position +903
[  63.8s] FILL -2500 -> position -1597
[  64.3s] FILL +1000 -> position -597
[  65.3s] FILL +1500 -> position +903
[  67.0s] FILL +2500 -> position +3403
[  67.6s] FILL +2500 -> position +5903
[  69.6s] FILL -2500 -> position +3403
[  69.9s] FILL -2500 -> position +903
[  70.7s] FILL -2500 -> position -1597
[  70.9s] FILL +2500 -> position +903
[  71.4s] FILL -2500 -> position -1597
[  71.7s] FILL +2500 -> position +903
[  71.9s] FILL -195 -> position +708
[  72.6s] FILL -2305 -> position -1597
[  81.6s] FILL +2500 -> position +903
[  82.4s] FILL +2500 -> position +3403
[  83.4s] FILL -2500 -> position +903
[  83.9s] FILL -2500 -> position -1597
[  90.2s] FILL +2500 -> position +903
[  94.1s] FILL -2500 -> position -1597
[ 101.8s] FILL +2500 -> position +903
[ 106.6s] FILL +312 -> position +1215
[ 107.6s] FILL +1000 -> position +2215
[ 107.9s] FILL -2500 -> position -285
[ 109.7s] FILL -2500 -> position -2785
[ 110.9s] FILL +2500 -> position -285
[ 111.2s] FILL -2500 -> position -2785
[ 113.0s] FILL +2500 -> position -285
[ 115.0s] FILL +2500 -> position +2215
[ 116.3s] FILL +2500 -> position +4715
[ 119.4s] FILL -2500 -> position +2215
[ 127.5s] FILL -2500 -> position -285
[ 129.5s] FILL +2500 -> position +2215
[ 129.8s] FILL -2500 -> position -285
[ 130.9s] FILL +2500 -> position +2215
[ 132.0s] FILL -2500 -> position -285
[ 132.1s] FILL -2500 -> position -2785
[ 137.6s] FILL +2500 -> position -285
[ 143.7s] DONE loops=2040 final_position=+0 nlv=985.20
